23:23:16 **** Build of configuration Debug for project SCMI_MASTER ****
make -j12 all 
arm-none-eabi-gcc "../Core/Src/main.c" -mcpu=cortex-m4 -std=gnu11 -g3 -DDEBUG -DSTM32 -DSTM32F4 -DSTM32F446RETx -DNUCLEO_F446RE -c -I../Core/Inc -I../Drivers_LIESE/Drivers_Peripherals/Inc -I../Drivers_LIESE/Inc -O0 -ffunction-sections -fdata-sections -Wall -fstack-usage -MMD -MP -MF"Core/Src/main.d" -MT"Core/Src/main.o" --specs=nano.specs -mfpu=fpv4-sp-d16 -mfloat-abi=hard -mthumb -o "Core/Src/main.o"
arm-none-eabi-gcc -o "SCMI_MASTER.elf" @"objects.list"   -mcpu=cortex-m4 -T"C:\Users\jurl9\SCMI_MASTER\SCMI_MASTER\STM32F446RETX_FLASH.ld" --specs=nosys.specs -Wl,-Map="SCMI_MASTER.map" -Wl,--gc-sections -static --specs=nano.specs -mfpu=fpv4-sp-d16 -mfloat-abi=hard -mthumb -Wl,--start-group -lc -lm -Wl,--end-group
Finished building target: SCMI_MASTER.elf
 
arm-none-eabi-size   SCMI_MASTER.elf 
arm-none-eabi-objdump -h -S  SCMI_MASTER.elf  > "SCMI_MASTER.list"
   text	   data	    bss	    dec	    hex	filename
   3284	      8	   1568	   4860	   12fc	SCMI_MASTER.elf
Finished building: default.size.stdout
 
Finished building: SCMI_MASTER.list
 
