21:15:25 **** Clean-only build of configuration Debug for project TIMERs_x ****
make -j12 clean 
rm -rf ./Startup/startup_stm32f446retx.d ./Startup/startup_stm32f446retx.o
rm -rf ./Src/FPU.d ./Src/FPU.o ./Src/FPU.su ./Src/GPIOx.d ./Src/GPIOx.o ./Src/GPIOx.su ./Src/NVIC.d ./Src/NVIC.o ./Src/NVIC.su ./Src/RCC.d ./Src/RCC.o ./Src/RCC.su ./Src/SYSCFG.d ./Src/SYSCFG.o ./Src/SYSCFG.su ./Src/SYSTICK.d ./Src/SYSTICK.o ./Src/SYSTICK.su ./Src/TIMERx.d ./Src/TIMERx.o ./Src/TIMERx.su ./Src/embeddedFLASH.d ./Src/embeddedFLASH.o ./Src/embeddedFLASH.su ./Src/main.d ./Src/main.o ./Src/main.su ./Src/syscalls.d ./Src/syscalls.o ./Src/syscalls.su ./Src/sysmem.d ./Src/sysmem.o ./Src/sysmem.su
rm -rf TIMERs_x.elf TIMERs_x.list TIMERs_x.map default.size.stdout
 
21:15:25 **** Build of configuration Debug for project TIMERs_x ****
make -j12 all 
arm-none-eabi-gcc -mcpu=cortex-m4 -g3 -DDEBUG -c -x assembler-with-cpp -MMD -MP -MF"Startup/startup_stm32f446retx.d" -MT"Startup/startup_stm32f446retx.o" --specs=nano.specs -mfpu=fpv4-sp-d16 -mfloat-abi=hard -mthumb -o "Startup/startup_stm32f446retx.o" "../Startup/startup_stm32f446retx.s"
arm-none-eabi-gcc "../Src/FPU.c" -mcpu=cortex-m4 -std=gnu11 -g3 -DDEBUG -DSTM32 -DSTM32F4 -DSTM32F446RETx -DNUCLEO_F446RE -c -I../Inc -O0 -ffunction-sections -fdata-sections -Wall -fstack-usage -MMD -MP -MF"Src/FPU.d" -MT"Src/FPU.o" --specs=nano.specs -mfpu=fpv4-sp-d16 -mfloat-abi=hard -mthumb -o "Src/FPU.o"
arm-none-eabi-gcc "../Src/GPIOx.c" -mcpu=cortex-m4 -std=gnu11 -g3 -DDEBUG -DSTM32 -DSTM32F4 -DSTM32F446RETx -DNUCLEO_F446RE -c -I../Inc -O0 -ffunction-sections -fdata-sections -Wall -fstack-usage -MMD -MP -MF"Src/GPIOx.d" -MT"Src/GPIOx.o" --specs=nano.specs -mfpu=fpv4-sp-d16 -mfloat-abi=hard -mthumb -o "Src/GPIOx.o"
arm-none-eabi-gcc "../Src/NVIC.c" -mcpu=cortex-m4 -std=gnu11 -g3 -DDEBUG -DSTM32 -DSTM32F4 -DSTM32F446RETx -DNUCLEO_F446RE -c -I../Inc -O0 -ffunction-sections -fdata-sections -Wall -fstack-usage -MMD -MP -MF"Src/NVIC.d" -MT"Src/NVIC.o" --specs=nano.specs -mfpu=fpv4-sp-d16 -mfloat-abi=hard -mthumb -o "Src/NVIC.o"
arm-none-eabi-gcc "../Src/RCC.c" -mcpu=cortex-m4 -std=gnu11 -g3 -DDEBUG -DSTM32 -DSTM32F4 -DSTM32F446RETx -DNUCLEO_F446RE -c -I../Inc -O0 -ffunction-sections -fdata-sections -Wall -fstack-usage -MMD -MP -MF"Src/RCC.d" -MT"Src/RCC.o" --specs=nano.specs -mfpu=fpv4-sp-d16 -mfloat-abi=hard -mthumb -o "Src/RCC.o"
arm-none-eabi-gcc "../Src/SYSCFG.c" -mcpu=cortex-m4 -std=gnu11 -g3 -DDEBUG -DSTM32 -DSTM32F4 -DSTM32F446RETx -DNUCLEO_F446RE -c -I../Inc -O0 -ffunction-sections -fdata-sections -Wall -fstack-usage -MMD -MP -MF"Src/SYSCFG.d" -MT"Src/SYSCFG.o" --specs=nano.specs -mfpu=fpv4-sp-d16 -mfloat-abi=hard -mthumb -o "Src/SYSCFG.o"
arm-none-eabi-gcc "../Src/SYSTICK.c" -mcpu=cortex-m4 -std=gnu11 -g3 -DDEBUG -DSTM32 -DSTM32F4 -DSTM32F446RETx -DNUCLEO_F446RE -c -I../Inc -O0 -ffunction-sections -fdata-sections -Wall -fstack-usage -MMD -MP -MF"Src/SYSTICK.d" -MT"Src/SYSTICK.o" --specs=nano.specs -mfpu=fpv4-sp-d16 -mfloat-abi=hard -mthumb -o "Src/SYSTICK.o"
arm-none-eabi-gcc "../Src/TIMERx.c" -mcpu=cortex-m4 -std=gnu11 -g3 -DDEBUG -DSTM32 -DSTM32F4 -DSTM32F446RETx -DNUCLEO_F446RE -c -I../Inc -O0 -ffunction-sections -fdata-sections -Wall -fstack-usage -MMD -MP -MF"Src/TIMERx.d" -MT"Src/TIMERx.o" --specs=nano.specs -mfpu=fpv4-sp-d16 -mfloat-abi=hard -mthumb -o "Src/TIMERx.o"
arm-none-eabi-gcc "../Src/embeddedFLASH.c" -mcpu=cortex-m4 -std=gnu11 -g3 -DDEBUG -DSTM32 -DSTM32F4 -DSTM32F446RETx -DNUCLEO_F446RE -c -I../Inc -O0 -ffunction-sections -fdata-sections -Wall -fstack-usage -MMD -MP -MF"Src/embeddedFLASH.d" -MT"Src/embeddedFLASH.o" --specs=nano.specs -mfpu=fpv4-sp-d16 -mfloat-abi=hard -mthumb -o "Src/embeddedFLASH.o"
arm-none-eabi-gcc "../Src/main.c" -mcpu=cortex-m4 -std=gnu11 -g3 -DDEBUG -DSTM32 -DSTM32F4 -DSTM32F446RETx -DNUCLEO_F446RE -c -I../Inc -O0 -ffunction-sections -fdata-sections -Wall -fstack-usage -MMD -MP -MF"Src/main.d" -MT"Src/main.o" --specs=nano.specs -mfpu=fpv4-sp-d16 -mfloat-abi=hard -mthumb -o "Src/main.o"
arm-none-eabi-gcc "../Src/syscalls.c" -mcpu=cortex-m4 -std=gnu11 -g3 -DDEBUG -DSTM32 -DSTM32F4 -DSTM32F446RETx -DNUCLEO_F446RE -c -I../Inc -O0 -ffunction-sections -fdata-sections -Wall -fstack-usage -MMD -MP -MF"Src/syscalls.d" -MT"Src/syscalls.o" --specs=nano.specs -mfpu=fpv4-sp-d16 -mfloat-abi=hard -mthumb -o "Src/syscalls.o"
arm-none-eabi-gcc "../Src/sysmem.c" -mcpu=cortex-m4 -std=gnu11 -g3 -DDEBUG -DSTM32 -DSTM32F4 -DSTM32F446RETx -DNUCLEO_F446RE -c -I../Inc -O0 -ffunction-sections -fdata-sections -Wall -fstack-usage -MMD -MP -MF"Src/sysmem.d" -MT"Src/sysmem.o" --specs=nano.specs -mfpu=fpv4-sp-d16 -mfloat-abi=hard -mthumb -o "Src/sysmem.o"
../Src/TIMERx.c: In function 'TIMx_OPM':
../Src/TIMERx.c:247:56: warning: passing argument 4 of 'TIMx_InternalCLK' from incompatible pointer type [-Wincompatible-pointer-types]
  247 |  TIMx_InternalCLK(tim, currentSYSCLK*1000000, outfreq, duty, numchannel);
      |                                                        ^~~~
      |                                                        |
      |                                                        uint8_t * {aka unsigned char *}
../Src/TIMERx.c:116:89: note: expected 'float *' but argument is of type 'uint8_t *' {aka 'unsigned char *'}
  116 | bool TIMx_InternalCLK(TIM_HandlerDef * tim, uint32_t in_Freq, uint32_t out_Freq, float *duty, uint8_t numchannels){//could be float duty
      |                                                                                  ~~~~~~~^~~~
arm-none-eabi-gcc -o "TIMERs_x.elf" @"objects.list"   -mcpu=cortex-m4 -T"C:\Users\jurl9\SCMI_MASTER\TIMERs_x\STM32F446RETX_FLASH.ld" --specs=nosys.specs -Wl,-Map="TIMERs_x.map" -Wl,--gc-sections -static --specs=nano.specs -mfpu=fpv4-sp-d16 -mfloat-abi=hard -mthumb -Wl,--start-group -lc -lm -Wl,--end-group
Finished building target: TIMERs_x.elf
 
arm-none-eabi-size   TIMERs_x.elf 
arm-none-eabi-objdump -h -S  TIMERs_x.elf  > "TIMERs_x.list"
   text	   data	    bss	    dec	    hex	filename
   8868	     12	   1604	  10484	   28f4	TIMERs_x.elf
Finished building: default.size.stdout
 
Finished building: TIMERs_x.list
 
