21:15:17 **** Build of configuration Debug for project I2Cx_new ****
make -j12 all 
arm-none-eabi-gcc -mcpu=cortex-m4 -g3 -DDEBUG -c -x assembler-with-cpp -MMD -MP -MF"Startup/startup_stm32f446retx.d" -MT"Startup/startup_stm32f446retx.o" --specs=nano.specs -mfpu=fpv4-sp-d16 -mfloat-abi=hard -mthumb -o "Startup/startup_stm32f446retx.o" "../Startup/startup_stm32f446retx.s"
arm-none-eabi-gcc "../Src/GPIOx.c" -mcpu=cortex-m4 -std=gnu11 -g3 -DDEBUG -DSTM32 -DSTM32F4 -DSTM32F446RETx -DNUCLEO_F446RE -c -I../Inc -O0 -ffunction-sections -fdata-sections -Wall -fstack-usage -MMD -MP -MF"Src/GPIOx.d" -MT"Src/GPIOx.o" --specs=nano.specs -mfpu=fpv4-sp-d16 -mfloat-abi=hard -mthumb -o "Src/GPIOx.o"
arm-none-eabi-gcc "../Src/I2Cx.c" -mcpu=cortex-m4 -std=gnu11 -g3 -DDEBUG -DSTM32 -DSTM32F4 -DSTM32F446RETx -DNUCLEO_F446RE -c -I../Inc -O0 -ffunction-sections -fdata-sections -Wall -fstack-usage -MMD -MP -MF"Src/I2Cx.d" -MT"Src/I2Cx.o" --specs=nano.specs -mfpu=fpv4-sp-d16 -mfloat-abi=hard -mthumb -o "Src/I2Cx.o"
arm-none-eabi-gcc "../Src/NVIC.c" -mcpu=cortex-m4 -std=gnu11 -g3 -DDEBUG -DSTM32 -DSTM32F4 -DSTM32F446RETx -DNUCLEO_F446RE -c -I../Inc -O0 -ffunction-sections -fdata-sections -Wall -fstack-usage -MMD -MP -MF"Src/NVIC.d" -MT"Src/NVIC.o" --specs=nano.specs -mfpu=fpv4-sp-d16 -mfloat-abi=hard -mthumb -o "Src/NVIC.o"
arm-none-eabi-gcc "../Src/RCC.c" -mcpu=cortex-m4 -std=gnu11 -g3 -DDEBUG -DSTM32 -DSTM32F4 -DSTM32F446RETx -DNUCLEO_F446RE -c -I../Inc -O0 -ffunction-sections -fdata-sections -Wall -fstack-usage -MMD -MP -MF"Src/RCC.d" -MT"Src/RCC.o" --specs=nano.specs -mfpu=fpv4-sp-d16 -mfloat-abi=hard -mthumb -o "Src/RCC.o"
arm-none-eabi-gcc "../Src/main.c" -mcpu=cortex-m4 -std=gnu11 -g3 -DDEBUG -DSTM32 -DSTM32F4 -DSTM32F446RETx -DNUCLEO_F446RE -c -I../Inc -O0 -ffunction-sections -fdata-sections -Wall -fstack-usage -MMD -MP -MF"Src/main.d" -MT"Src/main.o" --specs=nano.specs -mfpu=fpv4-sp-d16 -mfloat-abi=hard -mthumb -o "Src/main.o"
arm-none-eabi-gcc "../Src/syscalls.c" -mcpu=cortex-m4 -std=gnu11 -g3 -DDEBUG -DSTM32 -DSTM32F4 -DSTM32F446RETx -DNUCLEO_F446RE -c -I../Inc -O0 -ffunction-sections -fdata-sections -Wall -fstack-usage -MMD -MP -MF"Src/syscalls.d" -MT"Src/syscalls.o" --specs=nano.specs -mfpu=fpv4-sp-d16 -mfloat-abi=hard -mthumb -o "Src/syscalls.o"
arm-none-eabi-gcc "../Src/sysmem.c" -mcpu=cortex-m4 -std=gnu11 -g3 -DDEBUG -DSTM32 -DSTM32F4 -DSTM32F446RETx -DNUCLEO_F446RE -c -I../Inc -O0 -ffunction-sections -fdata-sections -Wall -fstack-usage -MMD -MP -MF"Src/sysmem.d" -MT"Src/sysmem.o" --specs=nano.specs -mfpu=fpv4-sp-d16 -mfloat-abi=hard -mthumb -o "Src/sysmem.o"
../Src/I2Cx.c: In function 'I2Cx_ADDR10Header':
../Src/I2Cx.c:1158:23: warning: value computed is not used [-Wunused-value]
 1158 |  (i2c->Registers->SR1)&&I2C_SR1_SB;//Lee SR1
../Src/I2Cx.c: In function 'I2Cx_ADDR10LastADDR':
../Src/I2Cx.c:1163:23: warning: value computed is not used [-Wunused-value]
 1163 |  (i2c->Registers->SR1)&&I2C_SR1_ADD10;//Lee SR1
../Src/I2Cx.c: In function 'I2Cx_ADDR7':
../Src/I2Cx.c:1168:23: warning: value computed is not used [-Wunused-value]
 1168 |  (i2c->Registers->SR1)&&I2C_SR1_ADDR;//Lee SR1
arm-none-eabi-gcc -o "I2Cx_new.elf" @"objects.list"   -mcpu=cortex-m4 -T"C:\Users\jurl9\SCMI_MASTER\I2Cx_new\STM32F446RETX_FLASH.ld" --specs=nosys.specs -Wl,-Map="I2Cx_new.map" -Wl,--gc-sections -static --specs=nano.specs -mfpu=fpv4-sp-d16 -mfloat-abi=hard -mthumb -Wl,--start-group -lc -lm -Wl,--end-group
Finished building target: I2Cx_new.elf
 
arm-none-eabi-size   I2Cx_new.elf 
arm-none-eabi-objdump -h -S  I2Cx_new.elf  > "I2Cx_new.list"
   text	   data	    bss	    dec	    hex	filename
   8872	     20	   1652	  10544	   2930	I2Cx_new.elf
Finished building: default.size.stdout
 
Finished building: I2Cx_new.list
 

21:15:18 Build Finished. 0 errors, 3 warnings. (took 1s.58ms)

